Print full path to ebuild for a given package
Syntax:
  size pkgspec
