Check package's files against recorded MD5 sums and timestamps
Syntax:
  size pkgspec
